// Vitest Snapshot v1

exports[`App > matches snapshot 1`] = `
{
  "baseElement": <body>
    <div>
      <div
        class="todo"
        data-cy="todo"
        data-v-7a7a37b1=""
      >
        <main
          data-v-7a7a37b1=""
          data-v-8afc1bf7=""
        >
          <h2
            data-v-8afc1bf7=""
          >
            Let's start
          </h2>
          <section
            class="board"
            data-v-8afc1bf7=""
          >
            <div
              class="board__grid"
              data-v-8afc1bf7=""
            >
              
              
            </div>
          </section>
        </main>
        <section
          class="todo__items"
          data-v-7a7a37b1=""
        >
          <h2
            data-cy="completed"
            data-v-7a7a37b1=""
          >
             Hurray! I have cleared all todos. 
          </h2>
        </section>
        <footer
          class="todo__footer"
          data-cy="footer"
          data-v-7a7a37b1=""
        >
           Task Board by Nikhil D Anand 
        </footer>
      </div>
    </div>
  </body>,
  "container": <div>
    <div
      class="todo"
      data-cy="todo"
      data-v-7a7a37b1=""
    >
      <main
        data-v-7a7a37b1=""
        data-v-8afc1bf7=""
      >
        <h2
          data-v-8afc1bf7=""
        >
          Let's start
        </h2>
        <section
          class="board"
          data-v-8afc1bf7=""
        >
          <div
            class="board__grid"
            data-v-8afc1bf7=""
          >
            
            
          </div>
        </section>
      </main>
      <section
        class="todo__items"
        data-v-7a7a37b1=""
      >
        <h2
          data-cy="completed"
          data-v-7a7a37b1=""
        >
           Hurray! I have cleared all todos. 
        </h2>
      </section>
      <footer
        class="todo__footer"
        data-cy="footer"
        data-v-7a7a37b1=""
      >
         Task Board by Nikhil D Anand 
      </footer>
    </div>
  </div>,
  "debug": [Function],
  "emitted": [Function],
  "findAllByAltText": [Function],
  "findAllByDisplayValue": [Function],
  "findAllByLabelText": [Function],
  "findAllByPlaceholderText": [Function],
  "findAllByRole": [Function],
  "findAllByTestId": [Function],
  "findAllByText": [Function],
  "findAllByTitle": [Function],
  "findByAltText": [Function],
  "findByDisplayValue": [Function],
  "findByLabelText": [Function],
  "findByPlaceholderText": [Function],
  "findByRole": [Function],
  "findByTestId": [Function],
  "findByText": [Function],
  "findByTitle": [Function],
  "getAllByAltText": [Function],
  "getAllByDisplayValue": [Function],
  "getAllByLabelText": [Function],
  "getAllByPlaceholderText": [Function],
  "getAllByRole": [Function],
  "getAllByTestId": [Function],
  "getAllByText": [Function],
  "getAllByTitle": [Function],
  "getByAltText": [Function],
  "getByDisplayValue": [Function],
  "getByLabelText": [Function],
  "getByPlaceholderText": [Function],
  "getByRole": [Function],
  "getByTestId": [Function],
  "getByText": [Function],
  "getByTitle": [Function],
  "html": [Function],
  "queryAllByAltText": [Function],
  "queryAllByDisplayValue": [Function],
  "queryAllByLabelText": [Function],
  "queryAllByPlaceholderText": [Function],
  "queryAllByRole": [Function],
  "queryAllByTestId": [Function],
  "queryAllByText": [Function],
  "queryAllByTitle": [Function],
  "queryByAltText": [Function],
  "queryByDisplayValue": [Function],
  "queryByLabelText": [Function],
  "queryByPlaceholderText": [Function],
  "queryByRole": [Function],
  "queryByTestId": [Function],
  "queryByText": [Function],
  "queryByTitle": [Function],
  "rerender": [Function],
  "unmount": [Function],
}
`;
